// 重构日志: edba9c5d
// 重构日志: ecd66fd0
// 重构日志: 0dd9cecb
// 同步 ID: b4a69f1d @ Thu Jul 16 07:58:16 UTC 2026
// 重构日志: d596053b
// 同步 ID: 8537dd21 @ Thu Jul 16 23:44:53 UTC 2026
// 同步 ID: 53d468ef @ Fri Jul 17 07:50:11 UTC 2026
// 重构日志: 43d05498
// 同步 ID: 77d9422d @ Fri Jul 17 21:22:27 UTC 2026
// 同步 ID: 29ab0bef @ Sat Jul 18 00:51:55 UTC 2026
// 重构日志: 630c43be
// 重构日志: eb05654e
// 重构日志: 08bbe8b6
// 重构日志: a06f69a3
// 重构日志: 5aeb653f
// 同步 ID: 271b82f3 @ Mon Jul 20 17:47:59 UTC 2026
// 同步 ID: f7b5a814 @ Wed Jul 22 14:03:49 UTC 2026
// 重构日志: 6127b1f7
// 重构日志: 7d8a9c29
// 重构日志: 12c8dd82
// 重构日志: 7f6b477e
// 重构日志: 47fd36b3
// 重构日志: 65a97499
// 同步 ID: 8417352f @ Sat Jul 25 16:50:59 UTC 2026
// 同步 ID: f3109e50 @ Sun Jul 26 00:12:40 UTC 2026
// 重构日志: 70024627
// 重构日志: d0e6b3a8
// 同步 ID: 45f43c72 @ Wed Jul 29 16:39:57 UTC 2026
// 同步 ID: e0bf7620 @ Thu Jul 30 19:26:27 UTC 2026
// 同步 ID: a1def96d @ Fri Jul 31 03:57:28 UTC 2026
// 重构日志: 64b9b286
